alembic : INFO  [alemb
ic.runtime.migration] 
Context impl 
PostgresqlImpl.
At line:1 char:70
+ ... ONPATH="."; 
alembic revision 
--autogenerate -m 
"create_models" 2>&1 
| ...
+                 ~~~~
~~~~~~~~~~~~~~~~~~~~~~
~~~~~~~~~~~~~~~~~~~~~~
~~~~~~~
    + CategoryInfo    
          : NotSpeci  
  fied: (INFO  [ale   
 mbic....Postgresq    
lImpl.:String) []    
, RemoteException
    + FullyQualifiedE 
   rrorId : NativeCo  
  mmandError
 
INFO  [alembic.runtime
.migration] Will 
assume transactional 
DDL.
ERROR [alembic.util.me
ssaging] Target 
database is not up to 
date.
FAILED: Target database is not up to date.
