============================= test session starts =============================
platform win32 -- Python 3.13.14, pytest-9.1.1, pluggy-1.6.0 -- D:\odoo-nmit\dayflow-hrms\venv\Scripts\python.exe
cachedir: .pytest_cache
rootdir: D:\odoo-nmit\dayflow-hrms\backend
plugins: anyio-4.14.2, asyncio-1.4.0
asyncio: mode=Mode.STRICT, debug=False, asyncio_default_fixture_loop_scope=None, asyncio_default_test_loop_scope=function
collecting ... collected 5 items

tests/test_permissions.py::test_admin PASSED                             [ 20%]
tests/test_permissions.py::test_hr PASSED                                [ 40%]
tests/test_permissions.py::test_admin_hr PASSED                          [ 60%]
tests/test_permissions.py::test_employee PASSED                          [ 80%]
tests/test_permissions.py::test_role_based_access FAILED                 [100%]

================================== FAILURES ===================================
___________________________ test_role_based_access ____________________________

    @pytest.mark.anyio
    async def test_role_based_access():
        transport = ASGITransport(app=app)
        async with AsyncClient(transport=transport, base_url="http://test") as client:
    
            roles_to_test = [Role.ADMIN, Role.HR, Role.EMPLOYEE]
            tokens = {}
    
            # Generate users and login to get tokens
            for role in roles_to_test:
>               creds = await create_user_with_role(role)
                        ^^^^^^^^^^^^^^^^^^^^^^^^^^^^^^^^^

tests\test_permissions.py:52: 
_ _ _ _ _ _ _ _ _ _ _ _ _ _ _ _ _ _ _ _ _ _ _ _ _ _ _ _ _ _ _ _ _ _ _ _ _ _ _ _
tests\test_permissions.py:33: in create_user_with_role
    db_user = await create_user(db, user_in)
              ^^^^^^^^^^^^^^^^^^^^^^^^^^^^^^
app\services\auth_service.py:14: in create_user
    existing_user = await get_user_by_email(db, user_in.email)
                    ^^^^^^^^^^^^^^^^^^^^^^^^^^^^^^^^^^^^^^^^^^
app\services\auth_service.py:10: in get_user_by_email
    result = await db.execute(stmt)
             ^^^^^^^^^^^^^^^^^^^^^^
..\venv\Lib\site-packages\sqlalchemy\ext\asyncio\session.py:448: in execute
    result = await greenlet_spawn(
..\venv\Lib\site-packages\sqlalchemy\util\_concurrency_py3k.py:203: in greenlet_spawn
    result = context.switch(value)
             ^^^^^^^^^^^^^^^^^^^^^
..\venv\Lib\site-packages\sqlalchemy\orm\session.py:2373: in execute
    return self._execute_internal(
..\venv\Lib\site-packages\sqlalchemy\orm\session.py:2271: in _execute_internal
    result: Result[Any] = compile_state_cls.orm_execute_statement(
..\venv\Lib\site-packages\sqlalchemy\orm\context.py:306: in orm_execute_statement
    result = conn.execute(
..\venv\Lib\site-packages\sqlalchemy\engine\base.py:1421: in execute
    return meth(
..\venv\Lib\site-packages\sqlalchemy\sql\elements.py:526: in _execute_on_connection
    return connection._execute_clauseelement(
..\venv\Lib\site-packages\sqlalchemy\engine\base.py:1635: in _execute_clauseelement
    compiled_sql, extracted_params, cache_hit = elem._compile_w_cache(
..\venv\Lib\site-packages\sqlalchemy\sql\elements.py:715: in _compile_w_cache
    compiled_sql = self._compiler(
..\venv\Lib\site-packages\sqlalchemy\sql\elements.py:323: in _compiler
    return dialect.statement_compiler(dialect, self, **kw)
           ^^^^^^^^^^^^^^^^^^^^^^^^^^^^^^^^^^^^^^^^^^^^^^^
..\venv\Lib\site-packages\sqlalchemy\sql\compiler.py:1462: in __init__
    Compiled.__init__(self, dialect, statement, **kwargs)
..\venv\Lib\site-packages\sqlalchemy\sql\compiler.py:902: in __init__
    self.string = self.process(self.statement, **compile_kwargs)
                  ^^^^^^^^^^^^^^^^^^^^^^^^^^^^^^^^^^^^^^^^^^^^^^
..\venv\Lib\site-packages\sqlalchemy\sql\compiler.py:948: in process
    return obj._compiler_dispatch(self, **kwargs)
           ^^^^^^^^^^^^^^^^^^^^^^^^^^^^^^^^^^^^^^
..\venv\Lib\site-packages\sqlalchemy\sql\visitors.py:138: in _compiler_dispatch
    return meth(self, **kw)  # type: ignore  # noqa: E501
           ^^^^^^^^^^^^^^^^
..\venv\Lib\site-packages\sqlalchemy\sql\compiler.py:4818: in visit_select
    compile_state = select_stmt._compile_state_factory(
..\venv\Lib\site-packages\sqlalchemy\sql\base.py:774: in create_for_statement
    return klass.create_for_statement(statement, compiler, **kw)
           ^^^^^^^^^^^^^^^^^^^^^^^^^^^^^^^^^^^^^^^^^^^^^^^^^^^^^
..\venv\Lib\site-packages\sqlalchemy\orm\context.py:447: in create_for_statement
    return cls._create_orm_context(
..\venv\Lib\site-packages\sqlalchemy\orm\context.py:1175: in _create_orm_context
    _QueryEntity.to_compile_state(
..\venv\Lib\site-packages\sqlalchemy\orm\context.py:2628: in to_compile_state
    _MapperEntity(
..\venv\Lib\site-packages\sqlalchemy\orm\context.py:2708: in __init__
    entity._post_inspect
..\venv\Lib\site-packages\sqlalchemy\util\langhelpers.py:1234: in __get__
    obj.__dict__[self.__name__] = result = self.fget(obj)
                                           ^^^^^^^^^^^^^^
..\venv\Lib\site-packages\sqlalchemy\orm\mapper.py:2734: in _post_inspect
    self._check_configure()
..\venv\Lib\site-packages\sqlalchemy\orm\mapper.py:2411: in _check_configure
    _configure_registries({self.registry}, cascade=True)
..\venv\Lib\site-packages\sqlalchemy\orm\mapper.py:4228: in _configure_registries
    _do_configure_registries(registries, cascade)
..\venv\Lib\site-packages\sqlalchemy\orm\mapper.py:4269: in _do_configure_registries
    mapper._post_configure_properties()
..\venv\Lib\site-packages\sqlalchemy\orm\mapper.py:2428: in _post_configure_properties
    prop.init()
..\venv\Lib\site-packages\sqlalchemy\orm\interfaces.py:595: in init
    self.do_init()
..\venv\Lib\site-packages\sqlalchemy\orm\relationships.py:1661: in do_init
    self._generate_backref()
..\venv\Lib\site-packages\sqlalchemy\orm\relationships.py:2145: in _generate_backref
    self._add_reverse_property(self.back_populates)
_ _ _ _ _ _ _ _ _ _ _ _ _ _ _ _ _ _ _ _ _ _ _ _ _ _ _ _ _ _ _ _ _ _ _ _ _ _ _ _

self = <_RelationshipDeclared at 0x251ffb84ff0; user>, key = 'employee'

    def _add_reverse_property(self, key: str) -> None:
        other = self.mapper.get_property(key, _configure_mappers=False)
        if not isinstance(other, RelationshipProperty):
            raise sa_exc.InvalidRequestError(
                "back_populates on relationship '%s' refers to attribute '%s' "
                "that is not a relationship.  The back_populates parameter "
                "should refer to the name of a relationship on the target "
                "class." % (self, other)
            )
        # viewonly and sync_backref cases
        # 1. self.viewonly==True and other.sync_backref==True -> error
        # 2. self.viewonly==True and other.viewonly==False and
        #    other.sync_backref==None -> warn sync_backref=False, set to False
        self._check_sync_backref(self, other)
        # 3. other.viewonly==True and self.sync_backref==True -> error
        # 4. other.viewonly==True and self.viewonly==False and
        #    self.sync_backref==None -> warn sync_backref=False, set to False
        self._check_sync_backref(other, self)
    
        self._reverse_property.add(other)
        other._reverse_property.add(self)
    
        other._setup_entity()
    
        if not other.mapper.common_parent(self.parent):
            raise sa_exc.ArgumentError(
                "reverse_property %r on "
                "relationship %s references relationship %s, which "
                "does not reference mapper %s"
                % (key, self, other, self.parent)
            )
    
        if (
            other._configure_started
            and self.direction in (ONETOMANY, MANYTOONE)
            and self.direction == other.direction
        ):
>           raise sa_exc.ArgumentError(
                "%s and back-reference %s are "
                "both of the same direction %r.  Did you mean to "
                "set remote_side on the many-to-one side ?"
                % (other, self, self.direction)
            )
E           sqlalchemy.exc.ArgumentError: User.employee and back-reference Employee.user are both of the same direction <RelationshipDirection.MANYTOONE: 2>.  Did you mean to set remote_side on the many-to-one side ?

..\venv\Lib\site-packages\sqlalchemy\orm\relationships.py:1628: ArgumentError
============================== warnings summary ===============================
tests/test_permissions.py::test_admin
  D:\odoo-nmit\dayflow-hrms\venv\Lib\site-packages\_pytest\python.py:171: PytestReturnNotNoneWarning: Test functions should return None, but tests/test_permissions.py::test_admin returned <class 'dict'>.
  Did you mean to use `assert` instead of `return`?
  See https://docs.pytest.org/en/stable/how-to/assert.html#return-not-none for more information.
    warnings.warn(

tests/test_permissions.py::test_hr
  D:\odoo-nmit\dayflow-hrms\venv\Lib\site-packages\_pytest\python.py:171: PytestReturnNotNoneWarning: Test functions should return None, but tests/test_permissions.py::test_hr returned <class 'dict'>.
  Did you mean to use `assert` instead of `return`?
  See https://docs.pytest.org/en/stable/how-to/assert.html#return-not-none for more information.
    warnings.warn(

tests/test_permissions.py::test_admin_hr
  D:\odoo-nmit\dayflow-hrms\venv\Lib\site-packages\_pytest\python.py:171: PytestReturnNotNoneWarning: Test functions should return None, but tests/test_permissions.py::test_admin_hr returned <class 'dict'>.
  Did you mean to use `assert` instead of `return`?
  See https://docs.pytest.org/en/stable/how-to/assert.html#return-not-none for more information.
    warnings.warn(

tests/test_permissions.py::test_employee
  D:\odoo-nmit\dayflow-hrms\venv\Lib\site-packages\_pytest\python.py:171: PytestReturnNotNoneWarning: Test functions should return None, but tests/test_permissions.py::test_employee returned <class 'dict'>.
  Did you mean to use `assert` instead of `return`?
  See https://docs.pytest.org/en/stable/how-to/assert.html#return-not-none for more information.
    warnings.warn(

-- Docs: https://docs.pytest.org/en/stable/how-to/capture-warnings.html
=========================== short test summary info ===========================
FAILED tests/test_permissions.py::test_role_based_access - sqlalchemy.exc.Arg...
=================== 1 failed, 4 passed, 4 warnings in 0.89s ===================
