============================= test session starts =============================
platform win32 -- Python 3.13.14, pytest-9.1.1, pluggy-1.6.0 -- D:\odoo-nmit\dayflow-hrms\venv\Scripts\python.exe
cachedir: .pytest_cache
rootdir: D:\odoo-nmit\dayflow-hrms\backend
plugins: anyio-4.14.2, asyncio-1.4.0
asyncio: mode=Mode.STRICT, debug=False, asyncio_default_fixture_loop_scope=None, asyncio_default_test_loop_scope=function
collecting ... collected 1 item

tests/test_payroll.py::test_payroll_endpoints FAILED                     [100%]

================================== FAILURES ===================================
___________________________ test_payroll_endpoints ____________________________

    @pytest.mark.anyio
    async def test_payroll_endpoints():
        creds_admin, creds_emp = await setup_org()
        transport = ASGITransport(app=app)
    
        async with AsyncClient(transport=transport, base_url="http://test") as client:
            # Auth Headers
            resp = await client.post("/api/auth/login", data={"username": creds_admin[0], "password": creds_admin[1]})
            headers_admin = {"Authorization": f"Bearer {resp.json()['access_token']}"}
    
            resp = await client.post("/api/auth/login", data={"username": creds_emp[0], "password": creds_emp[1]})
            headers_emp = {"Authorization": f"Bearer {resp.json()['access_token']}"}
    
            # Admin creates employee profile for emp
            new_emp_email = f"new_{uuid.uuid4()}@example.com"
            emp_data = {
                "first_name": "Pay",
                "last_name": "Roll",
                "employee_code": f"E{str(uuid.uuid4())[:6]}",
                "email": new_emp_email,
                "password": "pwd"
            }
            resp = await client.post("/api/employees", json=emp_data, headers=headers_admin)
            emp_id = resp.json()["id"]
    
            # Login standard user
            resp = await client.post("/api/auth/login", data={"username": new_emp_email, "password": "pwd"})
            headers_new = {"Authorization": f"Bearer {resp.json()['access_token']}"}
    
            # 1. Admin generates payroll
            payroll_req = {
                "employee_id": emp_id,
                "month": 9,
                "year": 2026,
                "basic_salary": "5000.00",
                "deductions": "250.00",
                "bonuses": "100.25"
            }
            # Expected Net Salary: 5000 + 100.25 - 250 = 4850.25
    
            # Employee attempts to generate (should 403)
            resp = await client.post("/api/payroll", json=payroll_req, headers=headers_new)
            assert resp.status_code == 403
    
            # Admin successfully generates
>           resp = await client.post("/api/payroll", json=payroll_req, headers=headers_admin)
                   ^^^^^^^^^^^^^^^^^^^^^^^^^^^^^^^^^^^^^^^^^^^^^^^^^^^^^^^^^^^^^^^^^^^^^^^^^^

tests\test_payroll.py:72: 
_ _ _ _ _ _ _ _ _ _ _ _ _ _ _ _ _ _ _ _ _ _ _ _ _ _ _ _ _ _ _ _ _ _ _ _ _ _ _ _
..\venv\Lib\site-packages\httpx\_client.py:1859: in post
    return await self.request(
..\venv\Lib\site-packages\httpx\_client.py:1540: in request
    return await self.send(request, auth=auth, follow_redirects=follow_redirects)
           ^^^^^^^^^^^^^^^^^^^^^^^^^^^^^^^^^^^^^^^^^^^^^^^^^^^^^^^^^^^^^^^^^^^^^^
..\venv\Lib\site-packages\httpx\_client.py:1629: in send
    response = await self._send_handling_auth(
..\venv\Lib\site-packages\httpx\_client.py:1657: in _send_handling_auth
    response = await self._send_handling_redirects(
..\venv\Lib\site-packages\httpx\_client.py:1694: in _send_handling_redirects
    response = await self._send_single_request(request)
               ^^^^^^^^^^^^^^^^^^^^^^^^^^^^^^^^^^^^^^^^
..\venv\Lib\site-packages\httpx\_client.py:1730: in _send_single_request
    response = await transport.handle_async_request(request)
               ^^^^^^^^^^^^^^^^^^^^^^^^^^^^^^^^^^^^^^^^^^^^^
..\venv\Lib\site-packages\httpx\_transports\asgi.py:170: in handle_async_request
    await self.app(scope, receive, send)
..\venv\Lib\site-packages\fastapi\applications.py:1163: in __call__
    await super().__call__(scope, receive, send)
..\venv\Lib\site-packages\starlette\applications.py:96: in __call__
    await self.middleware_stack(scope, receive, send)
..\venv\Lib\site-packages\starlette\middleware\errors.py:186: in __call__
    raise exc
..\venv\Lib\site-packages\starlette\middleware\errors.py:164: in __call__
    await self.app(scope, receive, _send)
..\venv\Lib\site-packages\starlette\middleware\cors.py:88: in __call__
    await self.app(scope, receive, send)
..\venv\Lib\site-packages\starlette\middleware\exceptions.py:63: in __call__
    await wrap_app_handling_exceptions(self.app, conn)(scope, receive, send)
..\venv\Lib\site-packages\starlette\_exception_handler.py:53: in wrapped_app
    raise exc
..\venv\Lib\site-packages\starlette\_exception_handler.py:42: in wrapped_app
    await app(scope, receive, sender)
..\venv\Lib\site-packages\fastapi\middleware\asyncexitstack.py:18: in __call__
    await self.app(scope, receive, send)
..\venv\Lib\site-packages\starlette\routing.py:670: in __call__
    await self.middleware_stack(scope, receive, send)
..\venv\Lib\site-packages\fastapi\routing.py:2734: in app
    await route.handle(scope, receive, send)
..\venv\Lib\site-packages\fastapi\routing.py:1780: in handle
    await self.original_router.handle(scope, receive, send)
..\venv\Lib\site-packages\fastapi\routing.py:2789: in handle
    await included_router._handle_selected(scope, receive, send)
..\venv\Lib\site-packages\fastapi\routing.py:1800: in _handle_selected
    await original_route.handle(scope, receive, send)
..\venv\Lib\site-packages\fastapi\routing.py:1279: in handle
    await app(scope, receive, send)
..\venv\Lib\site-packages\fastapi\routing.py:158: in app
    await wrap_app_handling_exceptions(app, request)(scope, receive, send)
..\venv\Lib\site-packages\starlette\_exception_handler.py:53: in wrapped_app
    raise exc
..\venv\Lib\site-packages\starlette\_exception_handler.py:42: in wrapped_app
    await app(scope, receive, sender)
..\venv\Lib\site-packages\fastapi\routing.py:144: in app
    response = await f(request)
               ^^^^^^^^^^^^^^^^
..\venv\Lib\site-packages\fastapi\routing.py:706: in app
    raw_response = await run_endpoint_function(
..\venv\Lib\site-packages\fastapi\routing.py:352: in run_endpoint_function
    return await dependant.call(**values)
           ^^^^^^^^^^^^^^^^^^^^^^^^^^^^^^
app\routers\payroll.py:20: in generate_payroll
    return await payroll_service.create_payroll(db, payroll_in)
           ^^^^^^^^^^^^^^^^^^^^^^^^^^^^^^^^^^^^^^^^^^^^^^^^^^^^
_ _ _ _ _ _ _ _ _ _ _ _ _ _ _ _ _ _ _ _ _ _ _ _ _ _ _ _ _ _ _ _ _ _ _ _ _ _ _ _

db = <sqlalchemy.orm.session.AsyncSession object at 0x000001E2013C48D0>
payroll_in = PayrollCreate(employee_id=2, month=9, year=2026, basic_salary=Decimal('5000.00'), deductions=Decimal('250.00'), bonuses=Decimal('100.25'))

    async def create_payroll(db: AsyncSession, payroll_in: PayrollCreate) -> Payroll:
        net_salary = payroll_in.basic_salary + payroll_in.bonuses - payroll_in.deductions
    
        stmt = select(Payroll).where(
            Payroll.employee_id == payroll_in.employee_id,
>           Payroll.month == payroll_in.month,
            ^^^^^^^^^^^^^
            Payroll.year == payroll_in.year
        )
E       AttributeError: type object 'Payroll' has no attribute 'month'

app\services\payroll_service.py:13: AttributeError
=========================== short test summary info ===========================
FAILED tests/test_payroll.py::test_payroll_endpoints - AttributeError: type o...
============================== 1 failed in 2.29s ==============================
